// Jest Snapshot v1, https://goo.gl/fbAQLP

exports[`Cancel intent 1`] = `
Object {
  "response": Object {
    "outputSpeech": Object {
      "ssml": "<speak>Goodbye!</speak>",
      "type": "SSML",
    },
    "shouldEndSession": true,
  },
  "version": "1.0",
}
`;

exports[`Hello intent 1`] = `
Object {
  "response": Object {
    "card": Object {
      "content": "Hello world!",
      "title": "Hello toâ€¦",
      "type": "Simple",
    },
    "outputSpeech": Object {
      "ssml": "<speak>Hello world!</speak>",
      "type": "SSML",
    },
    "shouldEndSession": true,
  },
  "version": "1.0",
}
`;

exports[`Help intent 1`] = `
Object {
  "response": Object {
    "outputSpeech": Object {
      "text": "I say hello to people. Who should I say hello to?",
      "type": "PlainText",
    },
    "reprompt": Object {
      "outputSpeech": Object {
        "text": "Who should I say hello to?",
        "type": "PlainText",
      },
    },
    "shouldEndSession": false,
  },
  "version": "1.0",
}
`;

exports[`Launch intent 1`] = `
Object {
  "response": Object {
    "outputSpeech": Object {
      "text": "Hello World Alexa skill launched! Who would you like to say hello to?",
      "type": "PlainText",
    },
    "reprompt": Object {
      "outputSpeech": Object {
        "text": "Who would you like to say hello to?",
        "type": "PlainText",
      },
    },
    "shouldEndSession": false,
  },
  "version": "1.0",
}
`;

exports[`Stop intent 1`] = `
Object {
  "response": Object {
    "outputSpeech": Object {
      "ssml": "<speak>Goodbye!</speak>",
      "type": "SSML",
    },
    "shouldEndSession": true,
  },
  "version": "1.0",
}
`;
